nikola-compute-11:3646841:3646841 [0] NCCL INFO ncclTopoGetCpuAffinity: Affinity for GPU 0 is 12-13. (GPU affinity = 10-19 ; CPU affinity = 12-13).
nikola-compute-11:3646841:3646841 [0] NCCL INFO Pattern 4, crossNic 0, nChannels 1, bw 1.200000/1.200000, type LOC/SYS, sameChannels 1
nikola-compute-11:3646841:3646841 [0] NCCL INFO  0 : NET/0-0 GPU/0-b2000 NET/0-0
nikola-compute-11:3646841:3646841 [0] NCCL INFO Pattern 3, crossNic 0, nChannels 1, bw 2.400000/1.200000, type LOC/SYS, sameChannels 1
nikola-compute-11:3646841:3646841 [0] NCCL INFO  0 : NET/0-0 GPU/0-b2000 NET/0-0
dgx2-compute-01:2234993:2234993 [1] NCCL INFO === System : maxBw 3.1 totalBw 120.0 ===
dgx2-compute-01:2234993:2234993 [1] NCCL INFO CPU/0-0 (1/1/2)
dgx2-compute-01:2234993:2234993 [1] NCCL INFO + PCI[12.0] - PCI/0-2c000 (10b5978110b59781)
dgx2-compute-01:2234993:2234993 [1] NCCL INFO               + PCI[12.0] - PCI/0-32000 (10b5978110b59781)
dgx2-compute-01:2234993:2234993 [1] NCCL INFO                             + PCI[12.0] - GPU/0-34000 (0)
dgx2-compute-01:2234993:2234993 [1] NCCL INFO                                           + NVL[120.0] - NVS/0-0
dgx2-compute-01:2234993:2234993 [1] NCCL INFO                             + PCI[12.0] - NIC/0-35000
dgx2-compute-01:2234993:2234993 [1] NCCL INFO                                           + NET[3.1] - NET/0-0 (0/36269a00039b0398/1/3.125000)
dgx2-compute-01:2234993:2234993 [1] NCCL INFO                                           + NET[3.1] - GIN/0-0
dgx2-compute-01:2234993:2234993 [1] NCCL INFO                             + PCI[12.0] - GPU/0-36000 (1)
dgx2-compute-01:2234993:2234993 [1] NCCL INFO                                           + NVL[120.0] - NVS/0-0
dgx2-compute-01:2234993:2234993 [1] NCCL INFO               + PCI[12.0] - PCI/0-37000 (10b5978110b59781)
dgx2-compute-01:2234993:2234993 [1] NCCL INFO                             + PCI[12.0] - NIC/0-3a000
dgx2-compute-01:2234993:2234993 [1] NCCL INFO                                           + NET[3.1] - NET/0-1 (0/de4c9a00039b0398/1/3.125000)
dgx2-compute-01:2234993:2234993 [1] NCCL INFO                                           + NET[3.1] - GIN/0-1
dgx2-compute-01:2234993:2234993 [1] NCCL INFO + SYS[10.0] - CPU/0-1
dgx2-compute-01:2234993:2234993 [1] NCCL INFO CPU/0-1 (1/1/2)
dgx2-compute-01:2234993:2234993 [1] NCCL INFO + PCI[12.0] - PCI/0-af000 (10b5979710b59797)
dgx2-compute-01:2234993:2234993 [1] NCCL INFO               + PCI[12.0] - PCI/0-b5000 (10b5978110b59781)
dgx2-compute-01:2234993:2234993 [1] NCCL INFO                             + PCI[12.0] - NIC/0-b8000
dgx2-compute-01:2234993:2234993 [1] NCCL INFO                                           + NET[3.1] - NET/0-2 (0/e24f9a00039b0398/1/3.125000)
dgx2-compute-01:2234993:2234993 [1] NCCL INFO                                           + NET[3.1] - GIN/0-2
dgx2-compute-01:2234993:2234993 [1] NCCL INFO               + PCI[12.0] - PCI/0-ba000 (10b5978110b59781)
dgx2-compute-01:2234993:2234993 [1] NCCL INFO                             + PCI[12.0] - NIC/0-bd000
dgx2-compute-01:2234993:2234993 [1] NCCL INFO                                           + NET[3.1] - NET/0-3 (0/1e269a00039b0398/1/3.125000)
dgx2-compute-01:2234993:2234993 [1] NCCL INFO                                           + NET[3.1] - GIN/0-3
dgx2-compute-01:2234993:2234993 [1] NCCL INFO + SYS[10.0] - CPU/0-0
dgx2-compute-01:2234993:2234993 [1] NCCL INFO ==========================================
dgx2-compute-01:2234993:2234993 [1] NCCL INFO GPU/0-34000 :GPU/0-34000 (0/5000.0/LOC) GPU/0-36000 (6/12.0/PHB) NVS/0-0 (1/120.0/NVL) CPU/0-0 (3/12.0/PHB) CPU/0-1 (4/10.0/SYS) NET/0-0 (7/3.1/PHB) NET/0-1 (7/3.1/PHB) NET/0-2 (8/3.1/SYS) NET/0-3 (8/3.1/SYS) GIN/0-0 (3/3.1/PIX) GIN/0-1 (5/3.1/PXB) GIN/0-2 (8/3.1/SYS) GIN/0-3 (8/3.1/SYS) 
dgx2-compute-01:2234993:2234993 [1] NCCL INFO GPU/0-36000 :GPU/0-34000 (6/12.0/PHB) GPU/0-36000 (0/5000.0/LOC) NVS/0-0 (1/120.0/NVL) CPU/0-0 (3/12.0/PHB) CPU/0-1 (4/10.0/SYS) NET/0-0 (7/3.1/PHB) NET/0-1 (7/3.1/PHB) NET/0-2 (8/3.1/SYS) NET/0-3 (8/3.1/SYS) GIN/0-0 (3/3.1/PIX) GIN/0-1 (5/3.1/PXB) GIN/0-2 (8/3.1/SYS) GIN/0-3 (8/3.1/SYS) 
dgx2-compute-01:2234993:2234993 [1] NCCL INFO NET/0-0 :GPU/0-34000 (7/3.1/PHB) GPU/0-36000 (7/3.1/PHB) CPU/0-0 (4/3.1/PHB) CPU/0-1 (5/3.1/SYS) NET/0-0 (0/5000.0/LOC) NET/0-1 (6/3.1/PXB) NET/0-2 (9/3.1/SYS) NET/0-3 (9/3.1/SYS) GIN/0-0 (2/3.1/LOC) GIN/0-1 (6/3.1/PXB) GIN/0-2 (9/3.1/SYS) GIN/0-3 (9/3.1/SYS) 
dgx2-compute-01:2234993:2234993 [1] NCCL INFO NET/0-1 :GPU/0-34000 (7/3.1/PHB) GPU/0-36000 (7/3.1/PHB) CPU/0-0 (4/3.1/PHB) CPU/0-1 (5/3.1/SYS) NET/0-0 (6/3.1/PXB) NET/0-1 (0/5000.0/LOC) NET/0-2 (9/3.1/SYS) NET/0-3 (9/3.1/SYS) GIN/0-0 (6/3.1/PXB) GIN/0-1 (2/3.1/LOC) GIN/0-2 (9/3.1/SYS) GIN/0-3 (9/3.1/SYS) 
dgx2-compute-01:2234993:2234993 [1] NCCL INFO NET/0-2 :GPU/0-34000 (8/3.1/SYS) GPU/0-36000 (8/3.1/SYS) CPU/0-0 (5/3.1/SYS) CPU/0-1 (4/3.1/PHB) NET/0-0 (9/3.1/SYS) NET/0-1 (9/3.1/SYS) NET/0-2 (0/5000.0/LOC) NET/0-3 (6/3.1/PXB) GIN/0-0 (9/3.1/SYS) GIN/0-1 (9/3.1/SYS) GIN/0-2 (2/3.1/LOC) dgx2-compute-01:2234992:2234992 [0] NCCL INFO === System : maxBw 3.1 totalBw 120.0 ===
dgx2-compute-01:2234992:2234992 [0] NCCL INFO CPU/0-0 (1/1/2)
dgx2-compute-01:2234992:2234992 [0] NCCL INFO + PCI[12.0] - PCI/0-2c000 (10b5978110b59781)
dgx2-compute-01:2234992:2234992 [0] NCCL INFO               + PCI[12.0] - PCI/0-32000 (10b5978110b59781)
dgx2-compute-01:2234992:2234992 [0] NCCL INFO                             + PCI[12.0] - GPU/0-34000 (0)
dgx2-compute-01:2234992:2234992 [0] NCCL INFO                                           + NVL[120.0] - NVS/0-0
dgx2-compute-01:2234992:2234992 [0] NCCL INFO                             + PCI[12.0] - NIC/0-35000
dgx2-compute-01:2234992:2234992 [0] NCCL INFO                                           + NET[3.1] - NET/0-0 (0/36269a00039b0398/1/3.125000)
dgx2-compute-01:2234992:2234992 [0] NCCL INFO                                           + NET[3.1] - GIN/0-0
dgx2-compute-01:2234992:2234992 [0] NCCL INFO                             + PCI[12.0] - GPU/0-36000 (1)
dgx2-compute-01:2234992:2234992 [0] NCCL INFO                                           + NVL[120.0] - NVS/0-0
dgx2-compute-01:2234992:2234992 [0] NCCL INFO               + PCI[12.0] - PCI/0-37000 (10b5978110b59781)
dgx2-compute-01:2234992:2234992 [0] NCCL INFO                             + PCI[12.0] - NIC/0-3a000
dgx2-compute-01:2234992:2234992 [0] NCCL INFO                                           + NET[3.1] - NET/0-1 (0/de4c9a00039b0398/1/3.125000)
dgx2-compute-01:2234992:2234992 [0] NCCL INFO                                           + NET[3.1] - GIN/0-1
dgx2-compute-01:2234992:2234992 [0] NCCL INFO + SYS[10.0] - CPU/0-1
dgx2-compute-01:2234992:2234992 [0] NCCL INFO CPU/0-1 (1/1/2)
dgx2-compute-01:2234992:2234992 [0] NCCL INFO + PCI[12.0] - PCI/0-af000 (10b5979710b59797)
dgx2-compute-01:2234992:2234992 [0] NCCL INFO               + PCI[12.0] - PCI/0-b5000 (10b5978110b59781)
dgx2-compute-01:2234992:2234992 [0] NCCL INFO                             + PCI[12.0] - NIC/0-b8000
dgx2-compute-01:2234992:2234992 [0] NCCL INFO                                           + NET[3.1] - NET/0-2 (0/e24f9a00039b0398/1/3.125000)
dgx2-compute-01:2234992:2234992 [0] NCCL INFO                                           + NET[3.1] - GIN/0-2
dgx2-compute-01:2234992:2234992 [0] NCCL INFO               + PCI[12.0] - PCI/0-ba000 (10b5978110b59781)
dgx2-compute-01:2234992:2234992 [0] NCCL INFO                             + PCI[12.0] - NIC/0-bd000
dgx2-compute-01:2234992:2234992 [0] NCCL INFO                                           + NET[3.1] - NET/0-3 (0/1e269a00039b0398/1/3.125000)
dgx2-compute-01:2234992:2234992 [0] NCCL INFO                                           + NET[3.1] - GIN/0-3
dgx2-compute-01:2234992:2234992 [0] NCCL INFO + SYS[10.0] - CPU/0-0
dgx2-compute-01:2234992:2234992 [0] NCCL INFO ==========================================
dgx2-compute-01:2234992:2234992 [0] NCCL INFO GPU/0-34000 :GPU/0-34000 (0/5000.0/LOC) GPU/0-36000 (6/12.0/PHB) NVS/0-0 (1/120.0/NVL) CPU/0-0 (3/12.0/PHB) CPU/0-1 (4/10.0/SYS) NET/0-0 (7/3.1/PHB) NET/0-1 (7/3.1/PHB) NET/0-2 (8/3.1/SYS) NET/0-3 (8/3.1/SYS) GIN/0-0 (3/3.1/PIX) GIN/0-1 (5/3.1/PXB) GIN/0-2 (8/3.1/SYS) GIN/0-3 (8/3.1/SYS) 
dgx2-compute-01:2234992:2234992 [0] NCCL INFO GPU/0-36000 :GPU/0-34000 (6/12.0/PHB) GPU/0-36000 (0/5000.0/LOC) NVS/0-0 (1/120.0/NVL) CPU/0-0 (3/12.0/PHB) CPU/0-1 (4/10.0/SYS) NET/0-0 (7/3.1/PHB) NET/0-1 (7/3.1/PHB) NET/0-2 (8/3.1/SYS) NET/0-3 (8/3.1/SYS) GIN/0-0 (3/3.1/PIX) GIN/0-1 (5/3.1/PXB) GIN/0-2 (8/3.1/SYS) GIN/0-3 (8/3.1/SYS) 
dgx2-compute-01:2234992:2234992 [0] NCCL INFO NET/0-0 :GPU/0-34000 (7/3.1/PHB) GPU/0-36000 (7/3.1/PHB) CPU/0-0 (4/3.1/PHB) CPU/0-1 (5/3.1/SYS) NET/0-0 (0/5000.0/LOC) NET/0-1 (6/3.1/PXB) NET/0-2 (9/3.1/SYS) NET/0-3 (9/3.1/SYS) GIN/0-0 (2/3.1/LOC) GIN/0-1 (6/3.1/PXB) GIN/0-2 (9/3.1/SYS) GIN/0-3 (9/3.1/SYS) 
dgx2-compute-01:2234992:2234992 [0] NCCL INFO NET/0-1 :GPU/0-34000 (7/3.1/PHB) GPU/0-36000 (7/3.1/PHB) CPU/0-0 (4/3.1/PHB) CPU/0-1 (5/3.1/SYS) NET/0-0 (6/3.1/PXB) NET/0-1 (0/5000.0/LOC) NET/0-2 (9/3.1/SYS) NET/0-3 (9/3.1/SYS) GIN/0-0 (6/3.1/PXB) GIGIN/0-3 (6/3.1/PXB) 
dgx2-compute-01:2234993:2234993 [1] NCCL INFO NET/0-3 :GPU/0-34000 (8/3.1/SYS) GPU/0-36000 (8/3.1/SYS) CPU/0-0 (5/3.1/SYS) CPU/0-1 (4/3.1/PHB) NET/0-0 (9/3.1/SYS) NET/0-1 (9/3.1/SYS) NET/0-2 (6/3.1/PXB) NET/0-3 (0/5000.0/LOC) GIN/0-0 (9/3.1/SYS) GIN/0-1 (9/3.1/SYS) GIN/0-2 (6/3.1/PXB) GIN/0-3 (2/3.1/LOC) 
dgx2-compute-01:2234993:2234993 [1] NCCL INFO GIN/0-0 :GPU/0-34000 (3/3.1/PIX) GPU/0-36000 (3/3.1/PIX) CPU/0-0 (4/3.1/PHB) CPU/0-1 (5/3.1/SYS) NET/0-0 (2/3.1/LOC) NET/0-1 (6/3.1/PXB) NET/0-2 (9/3.1/SYS) NET/0-3 (9/3.1/SYS) GIN/0-0 (0/5000.0/LOC) GIN/0-1 (6/3.1/PXB) GIN/0-2 (9/3.1/SYS) GIN/0-3 (9/3.1/SYS) 
dgx2-compute-01:2234993:2234993 [1] NCCL INFO GIN/0-1 :GPU/0-34000 (5/3.1/PXB) GPU/0-36000 (5/3.1/PXB) CPU/0-0 (4/3.1/PHB) CPU/0-1 (5/3.1/SYS) NET/0-0 (6/3.1/PXB) NET/0-1 (2/3.1/LOC) NET/0-2 (9/3.1/SYS) NET/0-3 (9/3.1/SYS) GIN/0-0 (6/3.1/PXB) GIN/0-1 (0/5000.0/LOC) GIN/0-2 (9/3.1/SYS) GIN/0-3 (9/3.1/SYS) 
dgx2-compute-01:2234993:2234993 [1] NCCL INFO GIN/0-2 :GPU/0-34000 (8/3.1/SYS) GPU/0-36000 (8/3.1/SYS) CPU/0-0 (5/3.1/SYS) CPU/0-1 (4/3.1/PHB) NET/0-0 (9/3.1/SYS) NET/0-1 (9/3.1/SYS) NET/0-2 (2/3.1/LOC) NET/0-3 (6/3.1/PXB) GIN/0-0 (9/3.1/SYS) GIN/0-1 (9/3.1/SYS) GIN/0-2 (0/5000.0/LOC) GIN/0-3 (6/3.1/PXB) 
dgx2-compute-01:2234993:2234993 [1] NCCL INFO GIN/0-3 :GPU/0-34000 (8/3.1/SYS) GPU/0-36000 (8/3.1/SYS) CPU/0-0 (5/3.1/SYS) CPU/0-1 (4/3.1/PHB) NET/0-0 (9/3.1/SYS) NET/0-1 (9/3.1/SYS) NET/0-2 (6/3.1/PXB) NET/0-3 (2/3.1/LOC) GIN/0-0 (9/3.1/SYS) GIN/0-1 (9/3.1/SYS) GIN/0-2 (6/3.1/PXB) GIN/0-3 (0/5000.0/LOC) 
dgx2-compute-01:2234993:2234993 [1] NCCL INFO ncclTopoGetCpuAffinity: Affinity for GPU 1 is 6,17. (GPU affinity = 0-23 ; CPU affinity = 6,17).
dgx2-compute-01:2234993:2234993 [1] NCCL INFO NVLS multicast support is not available on dev 1 (NVLS_NCHANNELS 0)
dgx2-compute-01:2234993:2234993 [1] NCCL INFO Pattern 4, crossNic 0, nChannels 1, bw 3.000000/3.000000, type PHB/PHB, sameChannels 1
dgx2-compute-01:2234993:2234993 [1] NCCL INFO  0 : NET/0-0 GPU/0-34000 GPU/0-36000 NET/0-0
dgx2-compute-01:2234993:2234993 [1] NCCL INFO Pattern 1, crossNic 0, nChannels 1, bw 4.000000/3.000000, type PHB/PHB, sameChannels 1
dgx2-compute-01:2234993:2234993 [1] NCCL INFO  0 : NET/0-0 GPU/0-34000 GPU/0-36000 NET/0-0
dgx2-compute-01:2234993:2234993 [1] NCCL INFO comm 0xe891f90 rank 1 nRanks 3 nNodes 2 localRanks 2 localRank 1 MNNVL 0
N/0-1 (2/3.1/LOC) GIN/0-2 (9/3.1/SYS) GIN/0-3 (9/3.1/SYS) 
dgx2-compute-01:2234992:2234992 [0] NCCL INFO NET/0-2 :GPU/0-34000 (8/3.1/SYS) GPU/0-36000 (8/3.1/SYS) CPU/0-0 (5/3.1/SYS) CPU/0-1 (4/3.1/PHB) NET/0-0 (9/3.1/SYS) NET/0-1 (9/3.1/SYS) NET/0-2 (0/5000.0/LOC) NET/0-3 (6/3.1/PXB) GIN/0-0 (9/3.1/SYS) GIN/0-1 (9/3.1/SYS) GIN/0-2 (2/3.1/LOC) GIN/0-3 (6/3.1/PXB) 
dgx2-compute-01:2234992:2234992 [0] NCCL INFO NET/0-3 :GPU/0-34000 (8/3.1/SYS) GPU/0-36000 (8/3.1/SYS) CPU/0-0 (5/3.1/SYS) CPU/0-1 (4/3.1/PHB) NET/0-0 (9/3.1/SYS) NET/0-1 (9/3.1/SYS) NET/0-2 (6/3.1/PXB) NET/0-3 (0/5000.0/LOC) GIN/0-0 (9/3.1/SYS) GIN/0-1 (9/3.1/SYS) GIN/0-2 (6/3.1/PXB) GIN/0-3 (2/3.1/LOC) 
dgx2-compute-01:2234992:2234992 [0] NCCL INFO GIN/0-0 :GPU/0-34000 (3/3.1/PIX) GPU/0-36000 (3/3.1/PIX) CPU/0-0 (4/3.1/PHB) CPU/0-1 (5/3.1/SYS) NET/0-0 (2/3.1/LOC) NET/0-1 (6/3.1/PXB) NET/0-2 (9/3.1/SYS) NET/0-3 (9/3.1/SYS) GIN/0-0 (0/5000.0/LOC) GIN/0-1 (6/3.1/PXB) GIN/0-2 (9/3.1/SYS) GIN/0-3 (9/3.1/SYS) 
dgx2-compute-01:2234992:2234992 [0] NCCL INFO GIN/0-1 :GPU/0-34000 (5/3.1/PXB) GPU/0-36000 (5/3.1/PXB) CPU/0-0 (4/3.1/PHB) CPU/0-1 (5/3.1/SYS) NET/0-0 (6/3.1/PXB) NET/0-1 (2/3.1/LOC) NET/0-2 (9/3.1/SYS) NET/0-3 (9/3.1/SYS) GIN/0-0 (6/3.1/PXB) GIN/0-1 (0/5000.0/LOC) GIN/0-2 (9/3.1/SYS) GIN/0-3 (9/3.1/SYS) 
dgx2-compute-01:2234992:2234992 [0] NCCL INFO GIN/0-2 :GPU/0-34000 (8/3.1/SYS) GPU/0-36000 (8/3.1/SYS) CPU/0-0 (5/3.1/SYS) CPU/0-1 (4/3.1/PHB) NET/0-0 (9/3.1/SYS) NET/0-1 (9/3.1/SYS) NET/0-2 (2/3.1/LOC) NET/0-3 (6/3.1/PXB) GIN/0-0 (9/3.1/SYS) GIN/0-1 (9/3.1/SYS) GIN/0-2 (0/5000.0/LOC) GIN/0-3 (6/3.1/PXB) 
dgx2-compute-01:2234992:2234992 [0] NCCL INFO GIN/0-3 :GPU/0-34000 (8/3.1/SYS) GPU/0-36000 (8/3.1/SYS) CPU/0-0 (5/3.1/SYS) CPU/0-1 (4/3.1/PHB) NET/0-0 (9/3.1/SYS) NET/0-1 (9/3.1/SYS) NET/0-2 (6/3.1/PXB) NET/0-3 (2/3.1/LOC) GIN/0-0 (9/3.1/SYS) GIN/0-1 (9/3.1/SYS) GIN/0-2 (6/3.1/PXB) GIN/0-3 (0/5000.0/LOC) 
dgx2-compute-01:2234992:2234992 [0] NCCL INFO ncclTopoGetCpuAffinity: Affinity for GPU 0 is 6,17. (GPU affinity = 0-23 ; CPU affinity = 6,17).
dgx2-compute-01:2234992:2234992 [0] NCCL INFO NVLS multicast support is not available on dev 0 (NVLS_NCHANNELS 0)
dgx2-compute-01:2234992:2234992 [0] NCCL INFO Pattern 4, crossNic 0, nChannels 1, bw 3.000000/3.000000, type PHB/PHB, sameChannels 1
dgx2-compute-01:2234992:2234992 [0] NCCL INFO  0 : NET/0-0 GPU/0-34000 GPU/0-36000 NET/0-0
dgx2-compute-01:2234992:2234992 [0] NCCL INFO Pattern 1, crossNic 0, nChannels 1, bw 4.000000/3.000000, type PHB/PHB, sameChannels 1
dgx2-compute-01:2234992:2234992 [0] NCCL INFO  0 : NET/0-0 GPU/0-34000 GPU/0-36000 NET/0-0
dgx2-compute-01:2234992:2234992 [0] NCCL INFO comm 0xdeceb60 rank 0 nRanks 3 nNodes 2 localRanks 2 localRank 0 MNNVL 0
dgx2-compute-01:2234992:2234992 [0] NCCL INFO Tree 0 : -1 -> 0 -> 1/2/-1
dgx2-compute-01:2234992:2234992 [0] NCCL INFO Tree 1 : 2 -> 0 -> 1/-1/-1
dgx2-compute-01:2234992:2234992 [0] NCCL INFO Channel 00/02 : 0 1 2
dgx2-compute-01:2234992:2234992 [0] NCCL INFO Channel 01/02 : 0 1 2
dgx2-compute-01:2234992:2234992 [0] NCCL INFO Ring 00 : 2 -> 0 -> 1
dgx2-compute-01:2234992:2234992 [0] NCCL INFO Ring 01 : 2 -> 0 -> 1
dgx2-compute-01:2234992:2234992 [0] NCCL INFO Trees [0] 1/2/-1->0->-1 [1] 1/-1/-1->0->2
dgx2-compute-01:2234992:2234992 [0] NCCL INFO P2P Chunksize set to 131072
dgx2-compute-01:2234992:2234992 [0] NCCL INFO Check P2P Type isAllDirectP2p 0 directMode 0 isAllCudaP2p 1
dgx2-compute-01:2234992:2234992 [0] NCCL INFO ncclP2pSchedule: group size used is 1
nikola-compute-11:3646841:3646841 [0] NCCL INFO comm 0x3848ece0 rank 2 nRanks 3 nNodes 2 localRanks 1 localRank 0 MNNVL 0
nikola-compute-11:3646841:3646841 [0] NCCL INFO Tree 0 : 0 -> 2 -> -1/-1/-1
nikola-compute-11:3646841:3646841 [0] NCCL INFO Tree 1 : -1 -> 2 -> 0/-1/-1
nikola-compute-11:3646841:3646841 [0] NCCL INFO Ring 00 : 1 -> 2 -> 0
nikola-compute-11:3646841:3646841 [0] NCCL INFO Ring 01 : 1 -> 2 -> 0
nikola-compute-11:3646841:3646841 [0] NCCL INFO Trees [0] -1/-1/-1->2->0 [1] 0/-1/-1->2->-1
nikola-compute-11:3646841:3646841 [0] NCCL INFO P2P Chunksize set to 131072
nikola-compute-11:3646841:3646841 [0] NCCL INFO Check P2P Type isAllDirectP2p 1 directMode 0 isAllCudaP2p 1
nikola-compute-11:3646841:3646841 [0] NCCL INFO ncclP2pSchedule: group size used is 1
nikola-compute-11:3646841:3646863 [0] NCCL INFO [Proxy Service] Device 0 CPU core 12
dgx2-compute-01:2234993:2234993 [1] NCCL INFO Tree 0 : 0 -> 1 -> -1/-1/-1
dgx2-compute-01:2234993:2234993 [1] NCCL INFO Tree 1 : 0 -> 1 -> -1/-1/-1
dgx2-compute-01:2234993:2234993 [1] NCCL INFO Ring 00 : 0 -> 1 -> 2
dgx2-compute-01:2234993:2234993 [1] NCCL INFO Ring 01 : 0 -> 1 -> 2
dgx2-compute-01:2234993:2234993 [1] NCCL INFO Trees [0] -1/-1/-1->1->0 [1] -1/-1/-1->1->0
nikola-compute-11:3646841:3646841 [0] NCCL INFO threadThresholds 8/8/64 | 24/8/64 | 512 | 512
nikola-compute-11:3646841:3646841 [0] NCCL INFO 2 coll channels, 2 collnet channels, 0 nvls channels, 2 p2p channels, 1 p2p channels per peer
nikola-compute-11:3646841:3646841 [0] NCCL INFO Symmetric VA size=32GB
nikola-compute-11:3646841:3646841 [0] NCCL INFO Symmetric memory is not supported. cuMemEnable 1, globalGinSupport 0, globalNicFused 0 cuMemGdrSupport 0
dgx2-compute-01:2234992:2235023 [0] NCCL INFO [Proxy Service] Device 0 CPU core 17
dgx2-compute-01:2234992:2235024 [0] NCCL INFO [Proxy Service UDS] Device 0 CPU core 17
dgx2-compute-01:2234993:2234993 [1] NCCL INFO P2P Chunksize set to 131072
dgx2-compute-01:2234993:2234993 [1] NCCL INFO Check P2P Type isAllDirectP2p 0 directMode 0 isAllCudaP2p 1
dgx2-compute-01:2234993:2234993 [1] NCCL INFO ncclP2pSchedule: group size used is 1
dgx2-compute-01:2234993:2235026 [0] NCCL INFO [Proxy Service UDS] Device 1 CPU core 6
dgx2-compute-01:2234993:2235025 [0] NCCL INFO [Proxy Service] Device 1 CPU core 17
nikola-compute-11:3646841:3646864 [0] NCCL INFO [Proxy Service UDS] Device 0 CPU core 13
dgx2-compute-01:2234992:2234992 [0] NCCL INFO threadThresholds 8/8/64 | 24/8/64 | 512 | 512
dgx2-compute-01:2234992:2234992 [0] NCCL INFO 2 coll channels, 2 collnet channels, 0 nvls channels, 2 p2p channels, 1 p2p channels per peer
dgx2-compute-01:2234992:2234992 [0] NCCL INFO Symmetric VA size=32GB
dgx2-compute-01:2234992:2234992 [0] NCCL INFO Symmetric memory is not supported. cuMemEnable 1, globalGinSupport 0, globalNicFused 0 cuMemGdrSupport 0
dgx2-compute-01:2234993:2234993 [1] NCCL INFO threadThresholds 8/8/64 | 24/8/64 | 512 | 512
dgx2-compute-01:2234993:2234993 [1] NCCL INFO 2 coll channels, 2 collnet channels, 0 nvls channels, 2 p2p channels, 1 p2p channels per peer
dgx2-compute-01:2234993:2234993 [1] NCCL INFO Symmetric VA size=32GB
dgx2-compute-01:2234993:2234993 [1] NCCL INFO Symmetric memory is not supported. cuMemEnable 1, globalGinSupport 0, globalNicFused 0 cuMemGdrSupport 0
dgx2-compute-01:2234992:2234992 [0] NCCL INFO CC Off, workFifoBytes 1048576
nikola-compute-11:3646841:3646841 [0] NCCL INFO ncclCommInitRank comm 0x3848ece0 rank 2 nranks 3 cudaDev 0 nvmlDev 0 busId b2000 commId 0x1b0f990bd6bbcca6 - Init COMPLETE
nikola-compute-11:3646841:3646841 [0] NCCL INFO Init timings - ncclCommInitRank: rank 2 nranks 3 total 0.03 (kernels 0.00, alloc 0.00, bootstrap 0.01, allgathers 0.01, topo 0.01, graphs 0.00, connections 0.00, rest 0.00)
dgx2-compute-01:2234992:2234992 [0] NCCL INFO ncclCommInitRank comm 0xdeceb60 rank 0 nranks 3 cudaDev 0 nvmlDev 0 busId 34000 commId 0x1b0f990bd6bbcca6 - Init COMPLETE
dgx2-compute-01:2234992:2234992 [0] NCCL INFO Init timings - ncclCommInitRank: rank 0 nranks 3 total 0.04 (kernels 0.00, alloc 0.00, bootstrap 0.01, allgathers 0.00, topo 0.02, graphs 0.00, connections 0.01, rest 0.00)
dgx2-compute-01:2234993:2234993 [1] NCCL INFO ncclCommInitRank comm 0xe891f90 rank 1 nranks 3 cudaDev 1 nvmlDev 1 busId 36000 commId 0x1b0f990bd6bbcca6 - Init COMPLETE
dgx2-compute-01:2234993:2234993 [1] NCCL INFO Init timings - ncclCommInitRank: rank 1 nranks 3 total 0.04 (kernels 0.00, alloc 0.00, bootstrap 0.01, allgathers 0.00, topo 0.02, graphs 0.00, connections 0.01, rest 0.00)
algorithm,buffer_size_bytes,iteration,delay,runtime_ms,BW(GB/s)
dgx2-compute-01:2234993:2235025 [1] NCCL INFO New proxy recv connection 0 from local rank 1, transport 1
Rank 3: sleep_cycles=88500000
dgx2-compute-01:2234993:2234993 [1] NCCL INFO Connected to proxy localRank 1 -> connection 0x756ae4000d20
dgx2-compute-01:2234993:2235025 [1] NCCL INFO New proxy recv connection 1 from local rank 1, transport 1
dgx2-compute-01:2234993:2234993 [1] NCCL INFO Connected to proxy localRank 1 -> connection 0x756ae4000da8
dgx2-compute-01:2234992:2235023 [0] NCCL INFO New proxy recv connection 0 from local rank 0, transport 2
dgx2-compute-01:2234992:2235027 [0] NCCL INFO [Proxy Progress] Device 0 CPU core 17
dgx2-compute-01:2234992:2234992 [0] NCCL INFO Connected to proxy localRank 0 -> connection 0x7dcb74000d60
dgx2-compute-01:2234992:2234992 [0] NCCL INFO Channel 00/0 : 2[0] -> 0[0] [receive] via NET/IB/0
dgx2-compute-01:2234992:2235023 [0] NCCL INFO New proxy recv connection 1 from local rank 0, transport 2
dgx2-compute-01:2234992:2234992 [0] NCCL INFO Connected to proxy localRank 0 -> connection 0x7dcb74000de8
dgx2-compute-01:2234992:2234992 [0] NCCL INFO Channel 01/0 : 2[0] -> 0[0] [receive] via NET/IB/0
nikola-compute-11:3646841:3646863 [0] NCCL INFO New proxy recv connection 0 from local rank 0, transport 2
nikola-compute-11:3646841:3646865 [0] NCCL INFO [Proxy Progress] Device 0 CPU core 12
dgx2-compute-01:2234992:2235023 [0] NCCL INFO New proxy send connection 2 from local rank 0, transport 1
dgx2-compute-01:2234992:2234992 [0] NCCL INFO Connected to proxy localRank 0 -> connection 0x7dcb74000e70
nikola-compute-11:3646841:3646841 [0] NCCL INFO Connected to proxy localRank 0 -> connection 0x76ab20000d20
nikola-compute-11:3646841:3646841 [0] NCCL INFO Channel 00/0 : 1[1] -> 2[0] [receive] via NET/Socket/0
dgx2-compute-01:2234993:2235025 [1] NCCL INFO New proxy send connection 2 from local rank 1, transport 2
nikola-compute-11:3646841:3646863 [0] NCCL INFO New proxy recv connection 1 from local rank 0, transport 2
dgx2-compute-01:2234993:2235028 [0] NCCL INFO [Proxy Progress] Device 1 CPU core 6
dgx2-compute-01:2234993:2234993 [1] NCCL INFO Connected to proxy localRank 1 -> connection 0x756ae4000e30
dgx2-compute-01:2234992:2234992 [0] NCCL INFO Channel 00 : 0[0] -> 1[1] via SHM/direct/direct
nikola-compute-11:3646841:3646841 [0] NCCL INFO Connected to proxy localRank 0 -> connection 0x76ab20000da8
dgx2-compute-01:2234993:2234993 [1] NCCL INFO Channel 00/0 : 1[1] -> 2[0] [send] via NET/IB/0
dgx2-compute-01:2234992:2235023 [0] NCCL INFO New proxy send connection 3 from local rank 0, transport 1
dgx2-compute-01:2234992:2234992 [0] NCCL INFO Connected to proxy localRank 0 -> connection 0x7dcb74000ef8
dgx2-compute-01:2234993:2235025 [1] NCCL INFO New proxy send connection 3 from local rank 1, transport 2
nikola-compute-11:3646841:3646841 [0] NCCL INFO Channel 01/0 : 1[1] -> 2[0] [receive] via NET/Socket/0
dgx2-compute-01:2234993:2234993 [1] NCCL INFO Connected to proxy localRank 1 -> connection 0x756ae4000eb8
dgx2-compute-01:2234992:2234992 [0] NCCL INFO Channel 01 : 0[0] -> 1[1] via SHM/direct/direct
nikola-compute-11:3646840:3646861 [1] NCCL INFO New proxy send connection 0 from local rank 1, transport 2
nikola-compute-11:3646840:3646866 [0] NCCL INFO [Proxy Progress] Device 1 CPU core 12
nikola-compute-11:3646840:3646840 [1] NCCL INFO Connected to proxy localRank 1 -> connection 0x7ca548000d50
dgx2-compute-01:2234993:2234993 [1] NCCL INFO Channel 01/0 : 1[1] -> 2[0] [send] via NET/IB/0
nikola-compute-11:3646841:3646863 [0] NCCL INFO New proxy send connection 2 from local rank 0, transport 2
nikola-compute-11:3646841:3646841 [0] NCCL INFO Connected to proxy localRank 0 -> connection 0x76ab20000e30
nikola-compute-11:3646840:3646840 [1] NCCL INFO Channel 01/1 : 3[1] -> 0[0] [send] via NET/Socket/0/Shared
nikola-compute-11:3646841:3646841 [0] NCCL INFO Channel 00/0 : 2[0] -> 0[0] [send] via NET/Socket/0
nikola-compute-11:3646841:3646863 [0] NCCL INFO New proxy send connection 3 from local rank 0, transport 2
nikola-compute-11:3646841:3646841 [0] NCCL INFO Connected to proxy localRank 0 -> connection 0x76ab20000eb8
nikola-compute-11:3646841:3646841 [0] NCCL INFO Channel 01/0 : 2[0] -> 0[0] [send] via NET/Socket/0
dgx2-compute-01:2234992:2235023 [0] NCCL INFO New proxy send connection 4 from local rank 1, transport 0
dgx2-compute-01:2234993:2234993 [1] NCCL INFO Connected to proxy localRank 0 -> connection 0x7dcb74000f80
dgx2-compute-01:2234993:2235025 [1] NCCL INFO NET/IB: ncclIbResiliencyInit: Resiliency is disabled on the send communicator (comm=0x756ae400b000)
dgx2-compute-01:2234993:2235025 [1] NCCL INFO NET/IB: ncclIbResiliencyInit: Resiliency is disabled on the send communicator (comm=0x756ae4046000)
dgx2-compute-01:2234993:2235025 [1] NCCL INFO New proxy send connection 4 from local rank 0, transport 0
dgx2-compute-01:2234992:2234992 [0] NCCL INFO Connected to proxy localRank 1 -> connection 0x756ae4000f40
dgx2-compute-01:2234992:2235023 [0] NCCL INFO NET/IB: ncclIbResiliencyInit: Resiliency is disabled on the recv communicator (comm=0x7dcb7400b000)
dgx2-compute-01:2234992:2235023 [0] NCCL INFO NET/IB: ncclIbRecvCommInit: Receive work requests will be posted on-demand

[2026-04-23 20:19:55] dgx2-compute-01:2234992:2235023 [0] misc/socket.cc:337 NCCL WARN socketFinalizeAccept from 128.84.97.212<37770>: wrong type 3 != 4
dgx2-compute-01:2234992:2235023 [0] NCCL INFO misc/socket.cc:384 -> 3
dgx2-compute-01:2234992:2235023 [0] NCCL INFO misc/socket.cc:487 -> 3
dgx2-compute-01:2234992:2235023 [0] NCCL INFO transport/net_ib/connect.cc:977 -> 3
dgx2-compute-01:2234992:2235023 [0] NCCL INFO transport/net.cc:1031 -> 3
dgx2-compute-01:2234992:2234992 [0] NCCL INFO transport/net.cc:560 -> 3
dgx2-compute-01:2234992:2234992 [0] NCCL INFO transport.cc:232 -> 3
dgx2-compute-01:2234992:2234992 [0] NCCL INFO transport/generic.cc:28 -> 3
dgx2-compute-01:2234992:2234992 [0] NCCL INFO group.cc:153 -> 3
dgx2-compute-01:2234992:2234992 [0] NCCL INFO group.cc:213 -> 3
dgx2-compute-01:2234992:2234992 [0] NCCL INFO group.cc:80 -> 3 [Async thread]
dgx2-compute-01:2234992:2234992 [0] NCCL INFO group.cc:650 -> 3
dgx2-compute-01:2234992:2234992 [0] NCCL INFO group.cc:833 -> 3
dgx2-compute-01:2234992:2234992 [0] NCCL INFO group.cc:111 -> 3
dgx2-compute-01:2234992:2235023 [0] NCCL INFO NET/IB: ncclIbResiliencyInit: Resiliency is disabled on the recv communicator (comm=0x7dcb7400b000)

[2026-04-23 20:19:55] nikola-compute-11:3646841:3646863 [0] misc/socket.cc:337 NCCL WARN socketFinalizeAccept from 128.84.97.224<43042>: wrong type 4 != 3
nikola-compute-11:3646841:3646863 [0] NCCL INFO misc/socket.cc:384 -> 3
nikola-compute-11:3646841:3646863 [0] NCCL INFO misc/socket.cc:487 -> 3
nikola-compute-11:3646841:3646863 [0] NCCL INFO transport/net_socket.cc:450 -> 3
nikola-compute-11:3646841:3646863 [0] NCCL INFO transport/net.cc:1031 -> 3
nikola-compute-11:3646841:3646841 [0] NCCL INFO transport/net.cc:560 -> 3
nikola-compute-11:3646841:3646841 [0] NCCL INFO transport.cc:232 -> 3
nikola-compute-11:3646841:3646841 [0] NCCL INFO transport/generic.cc:28 -> 3
nikola-compute-11:3646841:3646841 [0] NCCL INFO group.cc:153 -> 3
nikola-compute-11:3646841:3646841 [0] NCCL INFO group.cc:213 -> 3
nikola-compute-11:3646841:3646841 [0] NCCL INFO group.cc:80 -> 3 [Async thread]
nikola-compute-11:3646841:3646841 [0] NCCL INFO group.cc:650 -> 3
nikola-compute-11:3646841:3646841 [0] NCCL INFO group.cc:833 -> 3
nikola-compute-11:3646841:3646841 [0] NCCL INFO group.cc:111 -> 3

[2026-04-23 20:19:55] dgx2-compute-01:2234993:2235025 [1] misc/socket.cc:35 NCCL WARN socketProgress: Connection closed by remote peer nikola-compute-11<46765>
dgx2-compute-01:2234993:2235025 [1] NCCL INFO misc/socket.cc:561 -> 6
dgx2-compute-01:2234993:2235025 [1] NCCL INFO transport/net_ib/connect.cc:580 -> 6
dgx2-compute-01:2234993:2235025 [1] NCCL INFO transport/net.cc:865 -> 6
dgx2-compute-01:2234992:2235023 [0] NCCL INFO NET/IB: ncclIbRecvCommInit: Receive work requests will be posted on-demand

[2026-04-23 20:19:55] dgx2-compute-01:2234992:2235023 [0] misc/socket.cc:337 NCCL WARN socketFinalizeAccept from 128.84.97.212<33260>: wrong type 3 != 4
dgx2-compute-01:2234992:2235023 [0] NCCL INFO misc/socket.cc:384 -> 3
dgx2-compute-01:2234992:2235023 [0] NCCL INFO misc/socket.cc:409 -> 3
dgx2-compute-01:2234992:2235023 [0] NCCL INFO transport/net_ib/connect.cc:985 -> 3
dgx2-compute-01:2234992:2235023 [0] NCCL INFO transport/net.cc:1031 -> 3
dgx2-compute-01:2234993:2234993 [1] NCCL INFO transport.cc:213 -> 6
dgx2-compute-01:2234993:2234993 [1] NCCL INFO transport/generic.cc:28 -> 6
dgx2-compute-01:2234993:2234993 [1] NCCL INFO group.cc:153 -> 6
dgx2-compute-01:2234993:2234993 [1] NCCL INFO group.cc:213 -> 6
dgx2-compute-01:2234993:2234993 [1] NCCL INFO group.cc:80 -> 6 [Async thread]
dgx2-compute-01:2234993:2234993 [1] NCCL INFO group.cc:650 -> 6
dgx2-compute-01:2234993:2234993 [1] NCCL INFO group.cc:833 -> 6
dgx2-compute-01:2234993:2234993 [1] NCCL INFO group.cc:111 -> 6

[2026-04-23 20:19:55] nikola-compute-11:3646841:3646863 [0] misc/socket.cc:337 NCCL WARN socketFinalizeAccept from 128.84.97.224<44890>: wrong type 4 != 3
nikola-compute-11:3646841:3646863 [0] NCCL INFO misc/socket.cc:384 -> 3
nikola-compute-11:3646841:3646863 [0] NCCL INFO misc/socket.cc:487 -> 3
nikola-compute-11:3646841:3646863 [0] NCCL INFO transport/net_socket.cc:450 -> 3

[2026-04-23 20:19:55] dgx2-compute-01:2234993:2235025 [1] misc/socket.cc:35 NCCL WARN socketProgress: Connection closed by remote peer nikola-compute-11<48551>
dgx2-compute-01:2234993:2235025 [1] NCCL INFO misc/socket.cc:561 -> 6
dgx2-compute-01:2234993:2235025 [1] NCCL INFO transport/net_ib/connect.cc:580 -> 6
dgx2-compute-01:2234993:2235025 [1] NCCL INFO transport/net.cc:865 -> 6
nikola-compute-11:3646841:3646863 [0] NCCL INFO transport/net.cc:1031 -> 3
dgx2-compute-01:2234992:2235019 [0] NCCL INFO New proxy recv connection 0 from local rank 0, transport 2
dgx2-compute-01:2234992:2235029 [0] NCCL INFO [Proxy Progress] Device 0 CPU core 17
dgx2-compute-01:2234992:2234992 [0] NCCL INFO Connected to proxy localRank 0 -> connection 0x7dcb78000d50
dgx2-compute-01:2234992:2234992 [0] NCCL INFO Channel 01/1 : 3[1] -> 0[0] [receive] via NET/IB/0/Shared
dgx2-compute-01:2234993:2235018 [1] NCCL INFO New proxy recv connection 0 from local rank 1, transport 2
dgx2-compute-01:2234993:2235030 [0] NCCL INFO [Proxy Progress] Device 1 CPU core 6
dgx2-compute-01:2234993:2234993 [1] NCCL INFO Connected to proxy localRank 1 -> connection 0x756af8000d50
dgx2-compute-01:2234992:2235019 [0] NCCL INFO New proxy send connection 1 from local rank 0, transport 2
dgx2-compute-01:2234992:2234992 [0] NCCL INFO Connected to proxy localRank 0 -> connection 0x7dcb78000dd8
nikola-compute-11:3646840:3646861 [1] NCCL INFO New proxy recv connection 1 from local rank 1, transport 2
nikola-compute-11:3646840:3646840 [1] NCCL INFO Connected to proxy localRank 1 -> connection 0x7ca548000dd8
dgx2-compute-01:2234992:2234992 [0] NCCL INFO Channel 01/1 : 0[0] -> 3[1] [send] via NET/IB/0/Shared
dgx2-compute-01:2234993:2234993 [1] NCCL INFO Channel 01/1 : 3[1] -> 1[1] [receive] via NET/IB/1/Shared
nikola-compute-11:3646841:3646867 [0] NCCL INFO [Proxy Progress] Device 0 CPU core 13
nikola-compute-11:3646841:3646859 [0] NCCL INFO New proxy recv connection 0 from local rank 0, transport 2
nikola-compute-11:3646841:3646841 [0] NCCL INFO Connected to proxy localRank 0 -> connection 0x76ab28000d50
nikola-compute-11:3646840:3646840 [1] NCCL INFO Channel 01/1 : 0[0] -> 3[1] [receive] via NET/Socket/0/Shared
dgx2-compute-01:2234993:2235018 [1] NCCL INFO New proxy send connection 1 from local rank 1, transport 2
dgx2-compute-01:2234993:2234993 [1] NCCL INFO Connected to proxy localRank 1 -> connection 0x756af8000dd8
dgx2-compute-01:2234992:2235019 [0] NCCL INFO NET/IB: ncclIbResiliencyInit: Resiliency is disabled on the recv communicator (comm=0x7dcb78009000)
dgx2-compute-01:2234992:2235019 [0] NCCL INFO NET/IB: ncclIbRecvCommInit: Receive work requests will be posted on-demand
dgx2-compute-01:2234992:2235019 [0] NCCL INFO NET/IB: ncclIbResiliencyInit: Resiliency is disabled on the send communicator (comm=0x7dcb78048000)

[2026-04-23 20:19:55] dgx2-compute-01:2234992:2235019 [0] misc/socket.cc:337 NCCL WARN socketFinalizeAccept from 128.84.97.212<36694>: wrong type 3 != 4
dgx2-compute-01:2234992:2235019 [0] NCCL INFO misc/socket.cc:384 -> 3
dgx2-compute-01:2234992:2235019 [0] NCCL INFO misc/socket.cc:409 -> 3
dgx2-compute-01:2234992:2235019 [0] NCCL INFO transport/net_ib/connect.cc:985 -> 3
dgx2-compute-01:2234992:2235019 [0] NCCL INFO transport/net.cc:1031 -> 3
nikola-compute-11:3646841:3646841 [0] NCCL INFO Channel 01/1 : 0[0] -> 2[0] [receive] via NET/Socket/0/Shared
dgx2-compute-01:2234992:2234992 [0] NCCL INFO transport/net.cc:560 -> 3
dgx2-compute-01:2234992:2234992 [0] NCCL INFO transport.cc:232 -> 3
dgx2-compute-01:2234992:2234992 [0] NCCL INFO group.cc:144 -> 3
dgx2-compute-01:2234992:2234992 [0] NCCL INFO group.cc:80 -> 3 [Async thread]
dgx2-compute-01:2234992:2234992 [0] NCCL INFO group.cc:598 -> 3
dgx2-compute-01:2234992:2234992 [0] NCCL INFO group.cc:833 -> 3
dgx2-compute-01:2234992:2234992 [0] NCCL INFO group.cc:111 -> 3
dgx2-compute-01:2234993:2234993 [1] NCCL INFO Channel 01/1 : 1[1] -> 3[1] [send] via NET/IB/1/Shared
dgx2-compute-01:2234992:2235019 [0] NCCL INFO New proxy send connection 2 from local rank 0, transport 2
dgx2-compute-01:2234992:2234992 [0] NCCL INFO Connected to proxy localRank 0 -> connection 0x7dcb78000e60

[2026-04-23 20:19:55] nikola-compute-11:3646840:3646861 [1] misc/socket.cc:337 NCCL WARN socketFinalizeAccept from 128.84.97.224<50436>: wrong type 4 != 3
nikola-compute-11:3646840:3646861 [1] NCCL INFO misc/socket.cc:384 -> 3
nikola-compute-11:3646840:3646861 [1] NCCL INFO misc/socket.cc:487 -> 3
nikola-compute-11:3646840:3646861 [1] NCCL INFO transport/net_socket.cc:450 -> 3
nikola-compute-11:3646840:3646861 [1] NCCL INFO transport/net.cc:1031 -> 3
nikola-compute-11:3646840:3646840 [1] NCCL INFO transport/net.cc:560 -> 3
nikola-compute-11:3646840:3646840 [1] NCCL INFO transport.cc:232 -> 3
nikola-compute-11:3646840:3646840 [1] NCCL INFO group.cc:144 -> 3
nikola-compute-11:3646840:3646840 [1] NCCL INFO group.cc:80 -> 3 [Async thread]
nikola-compute-11:3646840:3646840 [1] NCCL INFO group.cc:598 -> 3
nikola-compute-11:3646840:3646840 [1] NCCL INFO group.cc:833 -> 3
nikola-compute-11:3646840:3646840 [1] NCCL INFO group.cc:111 -> 3

[2026-04-23 20:19:55] dgx2-compute-01:2234992:2235019 [0] misc/socket.cc:35 NCCL WARN socketProgress: Connection closed by remote peer nikola-compute-11<52727>
dgx2-compute-01:2234992:2235019 [0] NCCL INFO misc/socket.cc:561 -> 6
dgx2-compute-01:2234992:2235019 [0] NCCL INFO transport/net_ib/connect.cc:580 -> 6
dgx2-compute-01:2234992:2235019 [0] NCCL INFO transport/net.cc:865 -> 6
dgx2-compute-01:2234992:2234992 [0] NCCL INFO Channel 01/1 : 0[0] -> 2[0] [send] via NET/IB/0/Shared
nikola-compute-11:3646840:3646861 [1] NCCL INFO New proxy recv connection 2 from local rank 1, transport 2
dgx2-compute-01:2234992:2235019 [0] NCCL INFO NET/IB: ncclIbResiliencyInit: Resiliency is disabled on the send communicator (comm=0x7dcb78009000)
nikola-compute-11:3646840:3646840 [1] NCCL INFO Connected to proxy localRank 1 -> connection 0x7ca548000e60

[2026-04-23 20:19:55] dgx2-compute-01:2234992:2235019 [0] misc/socket.cc:35 NCCL WARN socketProgress: Connection closed by remote peer nikola-compute-11<44973>
dgx2-compute-01:2234992:2235019 [0] NCCL INFO misc/socket.cc:561 -> 6
dgx2-compute-01:2234992:2235019 [0] NCCL INFO transport/net_ib/connect.cc:580 -> 6
dgx2-compute-01:2234992:2235019 [0] NCCL INFO transport/net.cc:865 -> 6
dgx2-compute-01:2234992:2234992 [0] NCCL INFO transport.cc:213 -> 6
dgx2-compute-01:2234992:2234992 [0] NCCL INFO group.cc:144 -> 6
dgx2-compute-01:2234992:2234992 [0] NCCL INFO group.cc:80 -> 6 [Async thread]
dgx2-compute-01:2234992:2234992 [0] NCCL INFO group.cc:598 -> 6
dgx2-compute-01:2234992:2234992 [0] NCCL INFO group.cc:833 -> 6
dgx2-compute-01:2234992:2234992 [0] NCCL INFO group.cc:111 -> 6

[2026-04-23 20:19:55] nikola-compute-11:3646841:3646859 [0] misc/socket.cc:337 NCCL WARN socketFinalizeAccept from 128.84.97.224<47064>: wrong type 4 != 3
nikola-compute-11:3646841:3646859 [0] NCCL INFO misc/socket.cc:384 -> 3
nikola-compute-11:3646841:3646859 [0] NCCL INFO misc/socket.cc:487 -> 3
nikola-compute-11:3646841:3646859 [0] NCCL INFO transport/net_socket.cc:450 -> 3
nikola-compute-11:3646841:3646859 [0] NCCL INFO transport/net.cc:1031 -> 3
nikola-compute-11:3646841:3646841 [0] NCCL INFO transport/net.cc:560 -> 3
nikola-compute-11:3646841:3646841 [0] NCCL INFO transport.cc:232 -> 3
nikola-compute-11:3646841:3646841 [0] NCCL INFO group.cc:144 -> 3
nikola-compute-11:3646841:3646841 [0] NCCL INFO group.cc:80 -> 3 [Async thread]
nikola-compute-11:3646841:3646841 [0] NCCL INFO group.cc:598 -> 3
nikola-compute-11:3646841:3646841 [0] NCCL INFO group.cc:833 -> 3
nikola-compute-11:3646841:3646841 [0] NCCL INFO group.cc:111 -> 3
dgx2-compute-01:2234992:2235019 [0] NCCL INFO New proxy send connection 3 from local rank 0, transport 1
dgx2-compute-01:2234992:2234992 [0] NCCL INFO Connected to proxy localRank 0 -> connection 0x7dcb78000ee8
nikola-compute-11:3646840:3646840 [1] NCCL INFO Channel 01/1 : 1[1] -> 3[1] [receive] via NET/Socket/0/Shared
nikola-compute-11:3646841:3646859 [0] NCCL INFO New proxy send connection 1 from local rank 0, transport 1
nikola-compute-11:3646841:3646841 [0] NCCL INFO Connected to proxy localRank 0 -> connection 0x76ab28000dd8
dgx2-compute-01:2234992:2234992 [0] NCCL INFO Channel 00 : 0[0] -> 1[1] via SHM/direct/direct
nikola-compute-11:3646841:3646841 [0] NCCL INFO Channel 00 : 2[0] -> 3[1] via SHM/direct/direct
nikola-compute-11:3646840:3646861 [1] NCCL INFO New proxy send connection 3 from local rank 1, transport 2
nikola-compute-11:3646840:3646840 [1] NCCL INFO Connected to proxy localRank 1 -> connection 0x7ca548000ee8
nikola-compute-11:3646840:3646840 [1] NCCL INFO Channel 01/1 : 3[1] -> 1[1] [send] via NET/Socket/0/Shared
dgx2-compute-01:2234993:2235018 [1] NCCL INFO NET/IB: ncclIbResiliencyInit: Resiliency is disabled on the send communicator (comm=0x756af8009000)
dgx2-compute-01:2234993:2235018 [1] NCCL INFO NET/IB: ncclIbResiliencyInit: Resiliency is disabled on the recv communicator (comm=0x756af8044000)
dgx2-compute-01:2234993:2235018 [1] NCCL INFO NET/IB: ncclIbRecvCommInit: Receive work requests will be posted on-demand

[2026-04-23 20:19:55] nikola-compute-11:3646840:3646861 [1] misc/socket.cc:337 NCCL WARN socketFinalizeAccept from 128.84.97.224<60892>: wrong type 4 != 3
nikola-compute-11:3646840:3646861 [1] NCCL INFO misc/socket.cc:384 -> 3
nikola-compute-11:3646840:3646861 [1] NCCL INFO misc/socket.cc:487 -> 3
nikola-compute-11:3646840:3646861 [1] NCCL INFO transport/net_socket.cc:450 -> 3
nikola-compute-11:3646840:3646861 [1] NCCL INFO transport/net.cc:1031 -> 3
nikola-compute-11:3646840:3646840 [1] NCCL INFO transport/net.cc:560 -> 3
nikola-compute-11:3646840:3646840 [1] NCCL INFO transport.cc:232 -> 3
nikola-compute-11:3646840:3646840 [1] NCCL INFO group.cc:144 -> 3
nikola-compute-11:3646840:3646840 [1] NCCL INFO group.cc:80 -> 3 [Async thread]
nikola-compute-11:3646840:3646840 [1] NCCL INFO group.cc:598 -> 3
nikola-compute-11:3646840:3646840 [1] NCCL INFO group.cc:833 -> 3
nikola-compute-11:3646840:3646840 [1] NCCL INFO group.cc:111 -> 3

[2026-04-23 20:19:55] dgx2-compute-01:2234993:2235018 [1] misc/socket.cc:35 NCCL WARN socketProgress: Connection closed by remote peer nikola-compute-11<52095>
dgx2-compute-01:2234993:2235018 [1] NCCL INFO misc/socket.cc:561 -> 6
dgx2-compute-01:2234993:2235018 [1] NCCL INFO transport/net_ib/connect.cc:580 -> 6
dgx2-compute-01:2234993:2235018 [1] NCCL INFO transport/net.cc:865 -> 6

[2026-04-23 20:19:55] dgx2-compute-01:2234993:2235018 [1] misc/socket.cc:337 NCCL WARN socketFinalizeAccept from 128.84.97.212<33820>: wrong type 3 != 4
dgx2-compute-01:2234993:2235018 [1] NCCL INFO misc/socket.cc:384 -> 3
dgx2-compute-01:2234993:2235018 [1] NCCL INFO misc/socket.cc:409 -> 3
dgx2-compute-01:2234993:2235018 [1] NCCL INFO transport/net_ib/connect.cc:985 -> 3
dgx2-compute-01:2234993:2235018 [1] NCCL INFO transport/net.cc:1031 -> 3
dgx2-compute-01:2234993:2234993 [1] NCCL INFO transport.cc:213 -> 6
dgx2-compute-01:2234993:2234993 [1] NCCL INFO group.cc:144 -> 6
dgx2-compute-01:2234993:2234993 [1] NCCL INFO group.cc:80 -> 6 [Async thread]
dgx2-compute-01:2234993:2234993 [1] NCCL INFO group.cc:598 -> 6
dgx2-compute-01:2234993:2234993 [1] NCCL INFO group.cc:833 -> 6
dgx2-compute-01:2234993:2234993 [1] NCCL INFO group.cc:111 -> 6
nikola-compute-11:3646840:3646861 [1] NCCL INFO New proxy recv connection 4 from local rank 1, transport 1
nikola-compute-11:3646840:3646840 [1] NCCL INFO Connected to proxy localRank 1 -> connection 0x7ca548000f70
dgx2-compute-01:2234993:2235018 [1] NCCL INFO New proxy recv connection 2 from local rank 1, transport 1
dgx2-compute-01:2234993:2234993 [1] NCCL INFO Connected to proxy localRank 1 -> connection 0x756af8000e60
dgx2-compute-01:2234992:2235019 [0] NCCL INFO New proxy recv connection 4 from local rank 0, transport 1
dgx2-compute-01:2234992:2234992 [0] NCCL INFO Connected to proxy localRank 0 -> connection 0x7dcb78000f70
nikola-compute-11:3646841:3646859 [0] NCCL INFO New proxy recv connection 2 from local rank 0, transport 1
nikola-compute-11:3646841:3646841 [0] NCCL INFO Connected to proxy localRank 0 -> connection 0x76ab28000e60
nikola-compute-11:3646840:3646861 [1] NCCL INFO New proxy send connection 5 from local rank 1, transport 1
nikola-compute-11:3646840:3646840 [1] NCCL INFO Connected to proxy localRank 1 -> connection 0x7ca548000ff8
dgx2-compute-01:2234993:2235018 [1] NCCL INFO New proxy send connection 3 from local rank 1, transport 1
dgx2-compute-01:2234993:2234993 [1] NCCL INFO Connected to proxy localRank 1 -> connection 0x756af8000ee8
nikola-compute-11:3646840:3646840 [1] NCCL INFO Channel 00 : 3[1] -> 2[0] via SHM/direct/direct
dgx2-compute-01:2234993:2234993 [1] NCCL INFO Channel 00 : 1[1] -> 0[0] via SHM/direct/direct
nikola-compute-11:3646841:3646859 [0] NCCL INFO New proxy send connection 3 from local rank 1, transport 0
nikola-compute-11:3646840:3646861 [1] NCCL INFO New proxy send connection 6 from local rank 0, transport 0
nikola-compute-11:3646841:3646841 [0] NCCL INFO Connected to proxy localRank 1 -> connection 0x7ca548001080
nikola-compute-11:3646840:3646840 [1] NCCL INFO Connected to proxy localRank 0 -> connection 0x76ab28000ee8
dgx2-compute-01:2234993:2235018 [1] NCCL INFO New proxy send connection 4 from local rank 0, transport 0
dgx2-compute-01:2234992:2234992 [0] NCCL INFO Connected to proxy localRank 1 -> connection 0x756af8000f70
dgx2-compute-01:2234992:2235019 [0] NCCL INFO New proxy send connection 5 from local rank 1, transport 0
dgx2-compute-01:2234993:2234993 [1] NCCL INFO Connected to proxy localRank 0 -> connection 0x7dcb78000ff8
nikola-compute-11:3646841:3646859 [0] NCCL INFO New proxy send connection 4 from local rank 0, transport 2
nikola-compute-11:3646841:3646841 [0] NCCL INFO Connected to proxy localRank 0 -> connection 0x76ab28000f70
dgx2-compute-01:2234992:2235019 [0] NCCL INFO New proxy recv connection 6 from local rank 0, transport 2
dgx2-compute-01:2234992:2234992 [0] NCCL INFO Connected to proxy localRank 0 -> connection 0x7dcb78001080

[2026-04-23 20:19:55] nikola-compute-11:3646840:3646866 [1] misc/socket.cc:35 NCCL WARN socketProgress: Connection closed by remote peer dgx2-compute-01<37079>
nikola-compute-11:3646840:3646866 [1] NCCL INFO misc/socket.cc:561 -> 6
nikola-compute-11:3646840:3646866 [1] NCCL INFO transport/net_socket.cc:584 -> 6
nikola-compute-11:3646840:3646866 [1] NCCL INFO transport/net.cc:1359 -> 6
nikola-compute-11:3646840:3646866 [1] NCCL INFO proxy.cc:977 -> 6 [Progress Thread]
dgx2-compute-01:2234992:2234992 [0] NCCL INFO Channel 01/1 : 2[0] -> 0[0] [receive] via NET/IB/0/Shared
nikola-compute-11:3646841:3646841 [0] NCCL INFO Channel 01/1 : 2[0] -> 0[0] [send] via NET/Socket/0/Shared
dgx2-compute-01:2234992:2235019 [0] NCCL INFO NET/IB: ncclIbResiliencyInit: Resiliency is disabled on the recv communicator (comm=0x7dcb78083000)
dgx2-compute-01:2234992:2235019 [0] NCCL INFO NET/IB: ncclIbRecvCommInit: Receive work requests will be posted on-demand

[2026-04-23 20:19:55] dgx2-compute-01:2234992:2235019 [0] misc/socket.cc:337 NCCL WARN socketFinalizeAccept from 128.84.97.212<34122>: wrong type 3 != 4
dgx2-compute-01:2234992:2235019 [0] NCCL INFO misc/socket.cc:384 -> 3
dgx2-compute-01:2234992:2235019 [0] NCCL INFO misc/socket.cc:487 -> 3
dgx2-compute-01:2234992:2235019 [0] NCCL INFO transport/net_ib/connect.cc:977 -> 3
dgx2-compute-01:2234992:2235019 [0] NCCL INFO transport/net.cc:1031 -> 3
dgx2-compute-01:2234992:2234992 [0] NCCL INFO transport/net.cc:560 -> 3
dgx2-compute-01:2234992:2234992 [0] NCCL INFO transport.cc:232 -> 3
dgx2-compute-01:2234992:2234992 [0] NCCL INFO group.cc:144 -> 3
dgx2-compute-01:2234992:2234992 [0] NCCL INFO group.cc:80 -> 3 [Async thread]
dgx2-compute-01:2234992:2234992 [0] NCCL INFO group.cc:598 -> 3
dgx2-compute-01:2234992:2234992 [0] NCCL INFO group.cc:833 -> 3
dgx2-compute-01:2234992:2234992 [0] NCCL INFO group.cc:111 -> 3

[2026-04-23 20:19:55] dgx2-compute-01:2234993:2234993 [1] enqueue.cc:1766 NCCL WARN Cuda failure 700 'an illegal memory access was encountered'
dgx2-compute-01:2234993:2234993 [1] NCCL INFO group.cc:342 -> 1
dgx2-compute-01:2234993:2234993 [1] NCCL INFO group.cc:695 -> 1
dgx2-compute-01:2234993:2234993 [1] NCCL INFO group.cc:833 -> 1
dgx2-compute-01:2234993:2234993 [1] NCCL INFO group.cc:111 -> 1
CUDA error allreduce_multinode.cu:329 'an illegal memory access was encountered'
--------------------------------------------------------------------------
MPI_ABORT was invoked on rank 1 in communicator MPI_COMM_WORLD
  Proc: [[27736,1],1]
  Errorcode: 1

NOTE: invoking MPI_ABORT causes Open MPI to kill all MPI processes.
You may or may not see output from other processes, depending on
exactly when Open MPI kills them.
--------------------------------------------------------------------------
 --------------------------------------------------------------------------
An MPI communication peer process has unexpectedly disconnected.  This
usually indicates a failure in the peer process (e.g., a crash or
otherwise exiting without calling MPI_FINALIZE first).

Although this local MPI process will likely now behave unpredictably
(it may even hang or crash), the root cause of this problem is the
failure of the peer -- that is what you need to investigate.  For
example, there may be a core file that you can examine.  More
generally: such peer hangups are frequently caused by application bugs
or other external events.

  Local host: dgx2-compute-01
  Local PID:  2234992
  Peer host:  dgx2-compute-01
--------------------------------------------------------------------------
 [dgx2-compute-01:00000] *** An error occurred in Socket closed
[dgx2-compute-01:00000] *** reported by process [1817706497,0]
[dgx2-compute-01:00000] *** on a NULL communicator
[dgx2-compute-01:00000] *** Unknown error
[dgx2-compute-01:00000] *** MPI_ERRORS_ARE_FATAL (processes in this communicator will now abort,
[dgx2-compute-01:00000] ***    and MPI will try to terminate your MPI job as well)
 dgx2-compute-01:2234992:2235019 [0] NCCL INFO [Service thread] Connection closed by localRank 1
dgx2-compute-01:2234992:2235023 [0] NCCL INFO [Service thread] Connection closed by localRank 1
--------------------------------------------------------------------------
prterun has exited due to process rank 1 with PID 0 on node dgx2-compute-01 calling
"abort". This may have caused other processes in the application to be
terminated by signals sent by prterun (as reported here).
--------------------------------------------------------------------------
